// Jest Snapshot v1, https://goo.gl/fbAQLP

exports[`banking/get-account-balance/db-simulator returns a result when called with ... 1`] = `
Object {
  "accounts": Array [
    Object {
      "accountType": "CURRENT_ACCOUNT",
      "bic": "DEUTDEFFXXX",
      "currencyCode": "EUR",
      "currentBalance": 100.95,
      "iban": "DE10010000000000009318",
      "productDescription": "Pers√∂nliches Konto",
    },
  ],
}
`;
