// Jest Snapshot v1, https://goo.gl/fbAQLP

exports[`chat/channels/mock GetAccountBalance performs correctly 1`] = `
Ok {
  "value": Object {
    "accounts": Array [
      Object {
        "accountType": "CURRENT_ACCOUNT",
        "bic": "DEUTDEFFXXX",
        "currencyCode": "EUR",
        "currentBalance": 100.95,
        "description": "Pers√∂nliches Konto",
        "iban": "DE10010000000000009318",
      },
    ],
  },
}
`;
